** Drc report for NeuralCard.kicad_pcb **
** Created on 2026-08-06T18:23:57 **
** Report includes: Errors, Warnings, Exclusions **

** Found 40 DRC violations **
[clearance]: Clearance violation ( clearance 0.2000 mm; actual 0.1902 mm)
    Local override; error
    @(4.9748 mm, 13.2873 mm): Track [SCL] on B.Cu, length 1.9660 mm
    @(5.5650 mm, 12.2500 mm): Pad 7 [NFC_GPO] of U4 on B.Cu
[clearance]: Clearance violation ( clearance 0.2000 mm; actual 0.1978 mm)
    Local override; error
    @(8.1050 mm, 12.2500 mm): Pad 5 [SDA] of U4 on B.Cu
    @(8.7028 mm, 10.6915 mm): Track [NFC_ANT_B] on B.Cu, length 2.8057 mm
[missing_courtyard]: Footprint has no courtyard defined
    Local override; error
    @(66.0000 mm, 50.0000 mm): Footprint J1
[courtyards_overlap]: Courtyards overlap
    Rule: board setup constraints courtyard; error
    @(32.0000 mm, 27.0000 mm): Footprint U1
    @(21.0000 mm, 21.5000 mm): Footprint C2
[courtyards_overlap]: Courtyards overlap
    Rule: board setup constraints courtyard; error
    @(32.0000 mm, 27.0000 mm): Footprint U1
    @(21.0000 mm, 16.5000 mm): Footprint C1
[via_dangling]: Via is not connected or connected on only one layer
    Local override; warning
    @(65.1394 mm, 36.7501 mm): Via [GND] on F.Cu - B.Cu
[text_thickness]: Text thickness out of range (TrueType font characters with insufficient stroke weight)
    Rule: board setup constraints silk text thickness; warning
    @(4.0000 mm, 52.1000 mm): PCB text 'BARAKAELI LAWUO' on F.Silkscreen
[text_thickness]: Text thickness out of range (TrueType font characters with insufficient stroke weight)
    Rule: board setup constraints silk text thickness; warning
    @(78.5900 mm, 13.1400 mm): PCB text 'princetekki.com' on F.Silkscreen
[text_thickness]: Text thickness out of range (TrueType font characters with insufficient stroke weight)
    Rule: board setup constraints silk text thickness; warning
    @(84.2000 mm, 33.0000 mm): PCB text 'NEURALCARD v2.2.2 · 2026' on F.Silkscreen
[text_thickness]: Text thickness out of range (TrueType font characters with insufficient stroke weight)
    Rule: board setup constraints silk text thickness; warning
    @(10.5000 mm, 11.0000 mm): PCB text 'ax' on F.Silkscreen
[text_thickness]: Text thickness out of range (TrueType font characters with insufficient stroke weight)
    Rule: board setup constraints silk text thickness; warning
    @(10.5000 mm, 17.4000 mm): PCB text 'ay' on F.Silkscreen
[text_thickness]: Text thickness out of range (TrueType font characters with insufficient stroke weight)
    Rule: board setup constraints silk text thickness; warning
    @(10.5000 mm, 23.8000 mm): PCB text 'az' on F.Silkscreen
[text_thickness]: Text thickness out of range (TrueType font characters with insufficient stroke weight)
    Rule: board setup constraints silk text thickness; warning
    @(10.5000 mm, 30.2000 mm): PCB text 'gx' on F.Silkscreen
[text_thickness]: Text thickness out of range (TrueType font characters with insufficient stroke weight)
    Rule: board setup constraints silk text thickness; warning
    @(10.5000 mm, 36.6000 mm): PCB text 'gy' on F.Silkscreen
[text_thickness]: Text thickness out of range (TrueType font characters with insufficient stroke weight)
    Rule: board setup constraints silk text thickness; warning
    @(10.5000 mm, 43.0000 mm): PCB text 'gz' on F.Silkscreen
[text_thickness]: Text thickness out of range (TrueType font characters with insufficient stroke weight)
    Rule: board setup constraints silk text thickness; warning
    @(71.6000 mm, 34.3330 mm): PCB text '6' on F.Silkscreen
[text_thickness]: Text thickness out of range (TrueType font characters with insufficient stroke weight)
    Rule: board setup constraints silk text thickness; warning
    @(71.6000 mm, 49.0000 mm): PCB text '9' on F.Silkscreen
[text_thickness]: Text thickness out of range (TrueType font characters with insufficient stroke weight)
    Rule: board setup constraints silk text thickness; warning
    @(82.0000 mm, 52.9000 mm): PCB text 'VIRGINIA TECH ENGINEERING · CLASS OF 2027' on F.Silkscreen
[text_thickness]: Text thickness out of range (TrueType font characters with insufficient stroke weight)
    Rule: board setup constraints silk text thickness; warning
    @(82.0000 mm, 51.5000 mm): PCB text 'AI & COMPUTER ENGINEER' on F.Silkscreen
[text_thickness]: Text thickness out of range (TrueType font characters with insufficient stroke weight)
    Rule: board setup constraints silk text thickness; warning
    @(42.0000 mm, 2.4000 mm): PCB text 'AIR-WRITE A DIGIT · THE BRIGHTEST NEURON ANSWERS' on F.Silkscreen
[text_thickness]: Text thickness out of range (TrueType font characters with insufficient stroke weight)
    Rule: board setup constraints silk text thickness; warning
    @(12.0000 mm, 51.0000 mm): PCB text 'BOOT' on B.Silkscreen
[text_thickness]: Text thickness out of range (TrueType font characters with insufficient stroke weight)
    Rule: board setup constraints silk text thickness; warning
    @(24.0000 mm, 51.0000 mm): PCB text 'RST' on B.Silkscreen
[text_thickness]: Text thickness out of range (TrueType font characters with insufficient stroke weight)
    Rule: board setup constraints silk text thickness; warning
    @(30.0000 mm, 47.4000 mm): PCB text 'S/N' on B.Silkscreen
[text_thickness]: Text thickness out of range (TrueType font characters with insufficient stroke weight)
    Rule: board setup constraints silk text thickness; warning
    @(63.0000 mm, 44.4000 mm): PCB text 'FLASH: hold BOOT · tap RST · release BOOT' on B.Silkscreen
[text_thickness]: Text thickness out of range (TrueType font characters with insufficient stroke weight)
    Rule: board setup constraints silk text thickness; warning
    @(64.0000 mm, 47.0000 mm): PCB text 'OSHW · github.com/Brillar0101' on B.Silkscreen
[text_thickness]: Text thickness out of range (TrueType font characters with insufficient stroke weight)
    Rule: board setup constraints silk text thickness; warning
    @(63.0000 mm, 39.3000 mm): PCB text 'CR2032 · + side out' on B.Silkscreen
[text_thickness]: Text thickness out of range (TrueType font characters with insufficient stroke weight)
    Rule: board setup constraints silk text thickness; warning
    @(63.0000 mm, 41.7000 mm): PCB text 'NeuralCard v2.2.2 · princetekki.com' on B.Silkscreen
[text_thickness]: Text thickness out of range (TrueType font characters with insufficient stroke weight)
    Rule: board setup constraints silk text thickness; warning
    @(7.0000 mm, 28.5000 mm): Footprint text of ANT1 (tap phone here)
[text_thickness]: Text thickness out of range (board setup constraints silk text thickness min thickness 0.1500 mm; actual 0.1200 mm)
    Rule: board setup constraints silk text thickness; warning
    @(66.0000 mm, 48.1000 mm): Footprint text of J1 (3V3)
[text_height]: Text height out of range (board setup constraints silk text height min height 0.8000 mm; actual 0.7000 mm)
    Rule: board setup constraints silk text height; warning
    @(66.0000 mm, 48.1000 mm): Footprint text of J1 (3V3)
[text_thickness]: Text thickness out of range (board setup constraints silk text thickness min thickness 0.1500 mm; actual 0.1200 mm)
    Rule: board setup constraints silk text thickness; warning
    @(68.5400 mm, 48.1000 mm): Footprint text of J1 (GND)
[text_height]: Text height out of range (board setup constraints silk text height min height 0.8000 mm; actual 0.7000 mm)
    Rule: board setup constraints silk text height; warning
    @(68.5400 mm, 48.1000 mm): Footprint text of J1 (GND)
[text_thickness]: Text thickness out of range (board setup constraints silk text thickness min thickness 0.1500 mm; actual 0.1200 mm)
    Rule: board setup constraints silk text thickness; warning
    @(71.0800 mm, 48.1000 mm): Footprint text of J1 (TX)
[text_height]: Text height out of range (board setup constraints silk text height min height 0.8000 mm; actual 0.7000 mm)
    Rule: board setup constraints silk text height; warning
    @(71.0800 mm, 48.1000 mm): Footprint text of J1 (TX)
[text_thickness]: Text thickness out of range (board setup constraints silk text thickness min thickness 0.1500 mm; actual 0.1200 mm)
    Rule: board setup constraints silk text thickness; warning
    @(73.6200 mm, 48.1000 mm): Footprint text of J1 (RX)
[text_height]: Text height out of range (board setup constraints silk text height min height 0.8000 mm; actual 0.7000 mm)
    Rule: board setup constraints silk text height; warning
    @(73.6200 mm, 48.1000 mm): Footprint text of J1 (RX)
[text_thickness]: Text thickness out of range (board setup constraints silk text thickness min thickness 0.1500 mm; actual 0.1200 mm)
    Rule: board setup constraints silk text thickness; warning
    @(76.1600 mm, 48.1000 mm): Footprint text of J1 (EN)
[text_height]: Text height out of range (board setup constraints silk text height min height 0.8000 mm; actual 0.7000 mm)
    Rule: board setup constraints silk text height; warning
    @(76.1600 mm, 48.1000 mm): Footprint text of J1 (EN)
[text_thickness]: Text thickness out of range (board setup constraints silk text thickness min thickness 0.1500 mm; actual 0.1200 mm)
    Rule: board setup constraints silk text thickness; warning
    @(78.7000 mm, 48.1000 mm): Footprint text of J1 (IO0)
[text_height]: Text height out of range (board setup constraints silk text height min height 0.8000 mm; actual 0.7000 mm)
    Rule: board setup constraints silk text height; warning
    @(78.7000 mm, 48.1000 mm): Footprint text of J1 (IO0)

** Found 3 unconnected pads **
[unconnected_items]: Missing connection between items
    Local override; error
    @(0.6000 mm, 0.6000 mm): Zone [GND] on F.Cu, priority 0
    @(0.6000 mm, 0.6000 mm): Zone [GND] on B.Cu, priority 0
[unconnected_items]: Missing connection between items
    Local override; error
    @(0.6000 mm, 0.6000 mm): Zone [GND] on B.Cu, priority 0
    @(0.6000 mm, 0.6000 mm): Zone [GND] on B.Cu, priority 0
[unconnected_items]: Missing connection between items
    Local override; error
    @(0.6000 mm, 0.6000 mm): Zone [GND] on F.Cu, priority 0
    @(0.6000 mm, 0.6000 mm): Zone [GND] on B.Cu, priority 0

** Found 0 Footprint errors **

** Ignored checks **
    - Track endpoint not centered on via
    - Tuning profile track geometries
    - Footprint doesn't match symbol's footprint filters
    - Silkscreen clearance
    - Silkscreen clipped by solder mask

** End of Report **
