** Drc report for NeuralCard.kicad_pcb **
** Created on 2026-08-06T11:03:02 **
** Report includes: Errors, Warnings, Exclusions **

** Found 0 DRC violations **

** Found 5 unconnected pads **
[unconnected_items]: Missing connection between items
    Local override; error
    @(0.6000 mm, 0.6000 mm): Zone [GND] on B.Cu, priority 0
    @(0.6000 mm, 0.6000 mm): Zone [GND] on B.Cu, priority 0
[unconnected_items]: Missing connection between items
    Local override; error
    @(0.6000 mm, 0.6000 mm): Zone [GND] on B.Cu, priority 0
    @(0.6000 mm, 0.6000 mm): Zone [GND] on F.Cu, priority 0
[unconnected_items]: Missing connection between items
    Local override; error
    @(0.6000 mm, 0.6000 mm): Zone [GND] on B.Cu, priority 0
    @(0.6000 mm, 0.6000 mm): Zone [GND] on B.Cu, priority 0
[unconnected_items]: Missing connection between items
    Local override; error
    @(0.6000 mm, 0.6000 mm): Zone [GND] on B.Cu, priority 0
    @(0.6000 mm, 0.6000 mm): Zone [GND] on B.Cu, priority 0
[unconnected_items]: Missing connection between items
    Local override; error
    @(0.6000 mm, 0.6000 mm): Zone [GND] on B.Cu, priority 0
    @(0.6000 mm, 0.6000 mm): Zone [GND] on F.Cu, priority 0

** Found 0 Footprint errors **

** Ignored checks **
    - Footprint has no courtyard defined
    - Track endpoint not centered on via
    - Tuning profile track geometries
    - Footprint doesn't match symbol's footprint filters
    - Silkscreen clearance
    - Silkscreen clipped by solder mask
    - Text height out of range
    - Text thickness out of range
    - Footprint component type doesn't match footprint pads

** End of Report **
